// Jest Snapshot v1, https://goo.gl/fbAQLP

exports[`should reander Dashboard page 1`] = `
<div>
  <h1>
    DashBoard
  </h1>
  <Connect(ExpenseListFilters) />
  <Connect(Component) />
  <Connect(Component) />
</div>
`;
