// Jest Snapshot v1, https://goo.gl/fbAQLP

exports[`should render NoMatch component 1`] = `
<div>
  <h1>
    Unicorns exists? NO 
  </h1>
  <h1>
    Neither does this page.
  </h1>
</div>
`;
